============================================================
FULL E2E TEST: Billing and Payments
============================================================

[Phase 0] Database
  [PASS] DB Connection: PostgreSQL OK

[Phase 1] Authentication
  [FAIL] Login: 

[Phase 1b] Test Data
  [PASS] Test user: Verified User  (user1@dairy.com)
  [PASS] Consumption data: 14 records

[Phase 5] Direct Service Tests
  [PASS] BillingService.recalculate: Amt=1596.50
  [PASS] BillService.get_bill_with_pdf: OK
  [PASS] PaymentService.verify_sig: Result=False

[Phase 6] Repository Tests
  [PASS] BillRepo.get_by_user_month: Found=True
  [PASS] BillRepo.get_all_for_month: Count=12
  [PASS] BillRepo.get_pending: Count=0
  [PASS] PaymentRepo.get_webhook_event: None (correct)
  [PASS] ConsumptionRepo.stats: Liters=34.250
  [PASS] UserRepo.get_active_users: Count=12

============================================================
FINAL RESULTS
============================================================
  Total:  13
  Passed: 12
  Failed: 1

  FAILURES:
    FAIL: Login -> 

  Score: 12/13 (92%)
============================================================